Turbo Assembler	 Version 4.1	    03/11/26 19:10:47	    Page 1
crack.asm



      1	0000			     .model tiny
      2	0000			     .code
      3				     org 100h
      4
      5	      =004A		     RED_YELL	     equ 4ah
      6	      =002A		     GREEN_YELL	     equ 2ah
      7	      =0007		     PRIME_DIGIT     equ 7h
      8
      9				     locals @@
     10
     11	0100			     start:
     12	0100  E9 018F				     jmp main
     13
     14	0103  72 6F 6E 61 6C 64	6F+  password	     db	'ronaldo better	than coca cola$'
     15	      20 62 65 74 74 65	72+
     16	      20 74 68 61 6E 20	63+
     17	      6F 63 61 20 63 6F	6C+
     18	      61 24
     19	0121  0D FF*(00)	     screen_clear    db	0dh, 0ffh DUP(0h)
     20	0221  FF 00 1E*(00)	     buffer	     db	0ffh, 0h, 30 DUP(0h)
     21	0241  00		     flag	     db	0h
     22	0242  0000		     hash_pass	     dw	0h
     23	0244  0000		     hash_buff	     dw	0h
     24	0246  41 63 63 65 73 73	20+  access	     db	'Access	granted	:)', 20	DUP(0h), '$'
     25	      67 72 61 6E 74 65	64+
     26	      20 3A 29 14*(00) 24
     27	026C  41 63 63 65 73 73	20+  wrong	     db	'Access	denied >:(', 20	DUP(0h), '$'
     28	      64 65 6E 69 65 64	20+
     29	      3E 3A 28 14*(00) 24
     30
     31				     ;=====================================================
     32	0292  B4 0A		     main:	     mov ah, 0ah
     33	0294  BA 0221r				     mov dx, offset buffer
     34	0297  CD 21				     int 21h
     35
     36	0299  E8 005F				     call CalcPass
     37	029C  E8 006C				     call CalcBuff
     38
     39	029F  A1 0242r				     mov ax, hash_pass
     40	02A2  3B 06 0244r			     cmp ax, hash_buff
     41	02A6  75 05				     jne @@not_eq
     42	02A8  C6 06 0241r 01			     mov flag, 1h
     43
     44	02AD			       @@not_eq:
     45	02AD  80 3E 0241r 00			     cmp flag, 0h
     46	02B2  74 36				     je	denied
     47
     48	02B4  EB 23 90				     jmp granted
     49
     50	02B7			       end_main:
     51	02B7  B8 4C00				     mov ax, 4c00h
     52	02BA  CD 21				     int 21h
     53				     ;-----------------------------------------------------
     54
     55
     56
     57				     ;=====================================================
Turbo Assembler	 Version 4.1	    03/11/26 19:10:47	    Page 2
crack.asm



     58				     ; Clearing	screen from input string
     59				     ;=====================================================
     60	02BC			     ClearScreen     proc
     61
     62	02BC  BE 0221r				     lea si, buffer
     63	02BF  B7 00				     mov bh, 0h
     64	02C1  8A 5C 01				     mov bl, byte ptr [si + 1]
     65	02C4  80 C3 0A				     add bl, 0ah
     66
     67	02C7  C6 87 0121r 0D			     mov screen_clear[bx], 0dh
     68	02CC  C6 87 0122r 24			     mov screen_clear[bx + 1], '$'
     69	02D1  BA 0121r				     lea dx, screen_clear
     70	02D4  B4 09				     mov ah, 09h
     71	02D6  CD 21				     int 21h
     72
     73	02D8  C3				     ret
     74	02D9					     endp
     75				     ;-----------------------------------------------------
     76
     77
     78
     79				     ;=====================================================
     80	02D9			     granted:
     81	02D9  E8 FFE0				     call ClearScreen
     82	02DC  BA 0246r				     mov dx, offset access
     83	02DF  B4 09				     mov ah, 09h
     84	02E1  CD 21				     int 21h
     85	02E3  B4 2A				     mov ah, GREEN_YELL
     86	02E5  E8 0057				     call Fill
     87	02E8  EB CD				     jmp end_main
     88				     ;-----------------------------------------------------
     89
     90
     91
     92				     ;=====================================================
     93	02EA			     denied:
     94	02EA  E8 FFCF				     call ClearScreen
     95	02ED  BA 026Cr				     mov dx, offset wrong
     96	02F0  B4 09				     mov ah, 09h
     97	02F2  CD 21				     int 21h
     98	02F4  B4 4A				     mov ah, RED_YELL
     99	02F6  E8 0046				     call Fill
    100	02F9  EB BC				     jmp end_main
    101				     ;-----------------------------------------------------
    102
    103
    104
    105				     ;=====================================================
    106				     ; Calcing hash of password
    107				     ;=====================================================
    108	02FB			     CalcPass	     proc
    109
    110	02FB  BB 0103r				     mov bx, offset password
    111	02FE  E8 0031				     call GetLen
    112
    113	0301  BB 0103r				     mov bx, offset password
    114	0304  E8 0014				     call CalcHash
Turbo Assembler	 Version 4.1	    03/11/26 19:10:47	    Page 3
crack.asm



    115	0307  A3 0242r				     mov hash_pass, ax
    116
    117	030A  C3				     ret
    118	030B					     endp
    119				     ;-----------------------------------------------------
    120
    121
    122
    123				     ;=====================================================
    124				     ; Calcing hash of string from buffer
    125				     ;=====================================================
    126	030B			     CalcBuff	     proc
    127
    128	030B  B5 00				     mov ch, 0h
    129	030D  BB 0221r				     mov bx, offset buffer
    130	0310  43				     inc bx
    131	0311  8A 0F				     mov cl, byte ptr [bx]
    132	0313  43				     inc bx
    133
    134	0314  E8 0004				     call CalcHash
    135	0317  A3 0244r				     mov hash_buff, ax
    136
    137	031A  C3				     ret
    138	031B					     endp
    139				     ;-----------------------------------------------------
    140
    141
    142
    143				     ;=====================================================
    144				     ; Getting hash of string, which start in [BX], and
    145				     ; has length = CX
    146				     ;=====================================================
    147	031B			     CalcHash	     proc
    148
    149	031B  8B F3				     mov si, bx
    150	031D  B8 0000				     mov ax, 0h
    151	0320			       @@nxt_symb:
    152	0320  8A 14				     mov dl, byte ptr [si]
    153	0322  B6 00				     mov dh, 0h
    154	0324  03 C2				     add ax, dx
    155	0326  BB 0007				     mov bx, PRIME_DIGIT
    156	0329  F7 E3				     mul bx
    157	032B  46				     inc si
    158	032C  49				     dec cx
    159	032D  75 F1				     jne @@nxt_symb
    160
    161	032F  8B DE				     mov bx, si
    162
    163	0331  C3				     ret
    164	0332					     endp
    165				     ;-----------------------------------------------------
    166
    167
    168
    169				     ;=====================================================
    170				     ; Getting length of string, which ended '$'
    171				     ;=====================================================
Turbo Assembler	 Version 4.1	    03/11/26 19:10:47	    Page 4
crack.asm



    172	0332			     GetLen	     proc
    173
    174	0332  B9 0000				     mov cx, 0h
    175	0335			       @@nxt_symb:
    176	0335  80 3F 24				     cmp byte ptr [bx],	'$'
    177	0338  74 04				     je	@@break
    178	033A  43				     inc bx
    179	033B  41				     inc cx
    180	033C  EB F7				     jmp @@nxt_symb
    181
    182	033E  C3		       @@break:	     ret
    183	033F					     endp
    184				     ;-----------------------------------------------------
    185
    186
    187
    188				     ;=====================================================
    189				     ; Filling the entire screen in one	color (in AH)
    190				     ;=====================================================
    191	033F			     Fill	     proc
    192
    193	033F  8A F4				     mov dh, ah
    194	0341  B8 B814				     mov ax, 0b814h
    195	0344  8E C0				     mov es, ax
    196	0346  BB FFFF				     mov bx, -1h
    197	0349  B8 0870				     mov ax, 2160d
    198
    199	034C  83 C3 02		       @@reps:	     add bx, 2h
    200	034F  26: 88 37				     mov byte ptr es:[bx], dh
    201	0352  48				     dec ax
    202	0353  75 F7				     jne @@reps
    203
    204	0355  C3				     ret
    205	0356					     endp
    206				     ;-----------------------------------------------------
    207
    208				     end start
Turbo Assembler	 Version 4.1	    03/11/26 19:10:47	    Page 5
Symbol Table




Symbol Name			  Type	 Value

??DATE				  Text	 "03/11/26"
??FILENAME			  Text	 "crack	  "
??TIME				  Text	 "19:10:47"
??VERSION			  Number 040A
@32BIT				  Text	 0
@@BREAK				  Near	 DGROUP:033E
@@NOT_EQ			  Near	 DGROUP:02AD
@@NXT_SYMB			  Near	 DGROUP:0320
@@NXT_SYMB			  Near	 DGROUP:0335
@@REPS				  Near	 DGROUP:034C
@CODE				  Text	 DGROUP
@CODESIZE			  Text	 0
@CPU				  Text	 0101H
@CURSEG				  Text	 _TEXT
@DATA				  Text	 DGROUP
@DATASIZE			  Text	 0
@FILENAME			  Text	 CRACK
@INTERFACE			  Text	 000H
@MODEL				  Text	 1
@STACK				  Text	 DGROUP
@WORDSIZE			  Text	 2
ACCESS				  Byte	 DGROUP:0246
BUFFER				  Byte	 DGROUP:0221
CALCBUFF			  Near	 DGROUP:030B
CALCHASH			  Near	 DGROUP:031B
CALCPASS			  Near	 DGROUP:02FB
CLEARSCREEN			  Near	 DGROUP:02BC
DENIED				  Near	 DGROUP:02EA
END_MAIN			  Near	 DGROUP:02B7
FILL				  Near	 DGROUP:033F
FLAG				  Byte	 DGROUP:0241
GETLEN				  Near	 DGROUP:0332
GRANTED				  Near	 DGROUP:02D9
GREEN_YELL			  Number 002A
HASH_BUFF			  Word	 DGROUP:0244
HASH_PASS			  Word	 DGROUP:0242
MAIN				  Near	 DGROUP:0292
PASSWORD			  Byte	 DGROUP:0103
PRIME_DIGIT			  Number 0007
RED_YELL			  Number 004A
SCREEN_CLEAR			  Byte	 DGROUP:0121
START				  Near	 DGROUP:0100
WRONG				  Byte	 DGROUP:026C

Groups & Segments		  Bit Size Align  Combine Class

DGROUP				  Group
  _DATA				  16  0000 Word	  Public  DATA
  _TEXT				  16  0356 Word	  Public  CODE
